                                        
 [31m                                      [m 
 [31mâ–œ[m[41mÂ [m[30;41mTest[m[41mÂ [m[41m                              [m[31m [m 
 [31m                                      [m 
                                        