        
 [38;2;255;255;255m┌────┐[m 
 [38;2;255;255;255m│[mtest[38;2;255;255;255m│[m 
 [38;2;255;255;255m└────┘[m 
        